--------------------------------------------------------------------------------------
Timing Analyzer Summary
--------------------------------------------------------------------------------------

Type           : Worst-case tco
Slack          : N/A
Required Time  : None
Actual Time    : 35.600 ns
From           : cont:inst1|lpm_counter:lpm_counter_component|alt_counter_f10ke:wysi_counter|q[2]
To             : Tout4
From Clock     : CLOCK
To Clock       : --
Failed Paths   : 0

Type           : Clock Setup: 'CLOCK'
Slack          : N/A
Required Time  : None
Actual Time    : 46.51 MHz ( period = 21.500 ns )
From           : cont:inst1|lpm_counter:lpm_counter_component|alt_counter_f10ke:wysi_counter|q[2]
To             : cont:inst1|lpm_counter:lpm_counter_component|alt_counter_f10ke:wysi_counter|q[14]
From Clock     : CLOCK
To Clock       : CLOCK
Failed Paths   : 0

Type           : Total number of failed paths
Slack          : 
Required Time  : 
Actual Time    : 
From           : 
To             : 
From Clock     : 
To Clock       : 
Failed Paths   : 0

--------------------------------------------------------------------------------------

