Fitter report for LeitorRST
Wed Jul 29 14:27:25 2015
Quartus II Version 9.0 Build 235 06/17/2009 Service Pack 2 SJ Web Edition


---------------------
; Table of Contents ;
---------------------
  1. Legal Notice
  2. Fitter Summary
  3. Fitter Settings
  4. Parallel Compilation
  5. Fitter Device Options
  6. Input Pins
  7. Output Pins
  8. All Package Pins
  9. Control Signals
 10. Global & Other Fast Signals
 11. Carry Chains
 12. Cascade Chains
 13. Non-Global High Fan-Out Signals
 14. Peripheral Signals
 15. LAB
 16. Local Routing Interconnect
 17. LAB External Interconnect
 18. Row Interconnect
 19. LAB Column Interconnect
 20. LAB Column Interconnect
 21. Fitter Resource Usage Summary
 22. Fitter Resource Utilization by Entity
 23. Delay Chain Summary
 24. Pin-Out File
 25. Fitter Messages



----------------
; Legal Notice ;
----------------
Copyright (C) 1991-2009 Altera Corporation
Your use of Altera Corporation's design tools, logic functions 
and other software and tools, and its AMPP partner logic 
functions, and any output files from any of the foregoing 
(including device programming or simulation files), and any 
associated documentation or information are expressly subject 
to the terms and conditions of the Altera Program License 
Subscription Agreement, Altera MegaCore Function License 
Agreement, or other applicable license agreement, including, 
without limitation, that your use is for the sole purpose of 
programming logic devices manufactured by Altera and sold by 
Altera or its authorized distributors.  Please refer to the 
applicable agreement for further details.



+----------------------------------------------------------------------+
; Fitter Summary                                                       ;
+-----------------------+----------------------------------------------+
; Fitter Status         ; Successful - Wed Jul 29 14:27:25 2015        ;
; Quartus II Version    ; 9.0 Build 235 06/17/2009 SP 2 SJ Web Edition ;
; Revision Name         ; LeitorRST                                    ;
; Top-level Entity Name ; LeitorRST                                    ;
; Family                ; FLEX10K                                      ;
; Device                ; EPF10K20RC240-4                              ;
; Timing Models         ; Final                                        ;
; Total logic elements  ; 248 / 1,152 ( 22 % )                         ;
; Total pins            ; 21 / 189 ( 11 % )                            ;
; Total memory bits     ; 0 / 12,288 ( 0 % )                           ;
+-----------------------+----------------------------------------------+


+------------------------------------------------------------------------------------------------------+
; Fitter Settings                                                                                      ;
+------------------------------------------------------------+--------------------+--------------------+
; Option                                                     ; Setting            ; Default Value      ;
+------------------------------------------------------------+--------------------+--------------------+
; Device                                                     ; EPF10K20RC240-4    ;                    ;
; Use smart compilation                                      ; Off                ; Off                ;
; Use TimeQuest Timing Analyzer                              ; Off                ; Off                ;
; Router Timing Optimization Level                           ; Normal             ; Normal             ;
; Placement Effort Multiplier                                ; 1.0                ; 1.0                ;
; Router Effort Multiplier                                   ; 1.0                ; 1.0                ;
; Optimize Timing                                            ; Normal compilation ; Normal compilation ;
; Optimize Timing for ECOs                                   ; Off                ; Off                ;
; Regenerate full fit report during ECO compiles             ; Off                ; Off                ;
; Optimize IOC Register Placement for Timing                 ; On                 ; On                 ;
; Limit to One Fitting Attempt                               ; Off                ; Off                ;
; Final Placement Optimizations                              ; Automatically      ; Automatically      ;
; Fitter Aggressive Routability Optimizations                ; Automatically      ; Automatically      ;
; Fitter Initial Placement Seed                              ; 1                  ; 1                  ;
; Slow Slew Rate                                             ; Off                ; Off                ;
; Auto Global Memory Control Signals                         ; Off                ; Off                ;
; Logic Cell Insertion - Individual Logic Cells              ; On                 ; On                 ;
; Logic Cell Insertion - I/Os Fed By Carry or Cascade Chains ; On                 ; On                 ;
; Fitter Effort                                              ; Auto Fit           ; Auto Fit           ;
; Auto Global Clock                                          ; On                 ; On                 ;
; Auto Global Output Enable                                  ; On                 ; On                 ;
; Auto Global Register Control Signals                       ; On                 ; On                 ;
; Force Fitter to Avoid Periphery Placement Warnings         ; Off                ; Off                ;
+------------------------------------------------------------+--------------------+--------------------+


Parallel compilation was disabled, but you have multiple processors available. Enable parallel compilation to reduce compilation time.
+-------------------------------------+
; Parallel Compilation                ;
+----------------------------+--------+
; Processors                 ; Number ;
+----------------------------+--------+
; Number detected on machine ; 2      ;
; Maximum allowed            ; 1      ;
+----------------------------+--------+


+-------------------------------------------------------------------------+
; Fitter Device Options                                                   ;
+----------------------------------------------+--------------------------+
; Option                                       ; Setting                  ;
+----------------------------------------------+--------------------------+
; Enable user-supplied start-up clock (CLKUSR) ; Off                      ;
; Enable device-wide reset (DEV_CLRn)          ; Off                      ;
; Enable device-wide output enable (DEV_OE)    ; Off                      ;
; Enable INIT_DONE output                      ; Off                      ;
; Configuration scheme                         ; Passive Serial           ;
; nWS, nRS, nCS, CS                            ; Unreserved               ;
; RDYnBUSY                                     ; Unreserved               ;
; Data[7..1]                                   ; Unreserved               ;
; Reserve all unused pins                      ; As output driving ground ;
; Base pin-out file on sameframe device        ; Off                      ;
+----------------------------------------------+--------------------------+


+-----------------------------------------------------------------------------------------------------------------------------------------+
; Input Pins                                                                                                                              ;
+---------+-------+-----+------+---------+--------+--------------+-------------------------+---------------+---------------+--------------+
; Name    ; Pin # ; Row ; Col. ; Fan-Out ; Global ; I/O Register ; Use Local Routing Input ; Power Up High ; Single-Pin CE ; I/O Standard ;
+---------+-------+-----+------+---------+--------+--------------+-------------------------+---------------+---------------+--------------+
; CLOCK   ; 91    ; --  ; --   ; 66      ; yes    ; no           ; no                      ; no            ; no            ; TTL          ;
; chave2  ; 34    ;  D  ; --   ; 1       ; no     ; no           ; no                      ; no            ; no            ; TTL          ;
; chave1  ; 33    ;  D  ; --   ; 1       ; no     ; no           ; no                      ; no            ; no            ; TTL          ;
; Rin     ; 41    ;  E  ; --   ; 4       ; no     ; no           ; no                      ; no            ; no            ; TTL          ;
; Tin     ; 39    ;  D  ; --   ; 4       ; no     ; no           ; no                      ; no            ; no            ; TTL          ;
; Sin     ; 40    ;  E  ; --   ; 4       ; no     ; no           ; no                      ; no            ; no            ; TTL          ;
; pbSET   ; 28    ;  C  ; --   ; 1       ; no     ; no           ; no                      ; no            ; no            ; TTL          ;
; pbRESET ; 29    ;  C  ; --   ; 1       ; no     ; no           ; no                      ; no            ; no            ; TTL          ;
+---------+-------+-----+------+---------+--------+--------------+-------------------------+---------------+---------------+--------------+


+-----------------------------------------------------------------------------------------------------------------------------------------------------------------------------------+
; Output Pins                                                                                                                                                                       ;
+-------+-------+-----+------+--------------+--------------------------+---------------+----------------+---------------+---------------+------------+---------------+--------------+
; Name  ; Pin # ; Row ; Col. ; I/O Register ; Use Local Routing Output ; Power Up High ; Slow Slew Rate ; Single-Pin OE ; Single-Pin CE ; Open Drain ; TRI Primitive ; I/O Standard ;
+-------+-------+-----+------+--------------+--------------------------+---------------+----------------+---------------+---------------+------------+---------------+--------------+
; PP    ; 82    ; --  ; 15   ; no           ; no                       ; no            ; no             ; no            ; no            ; no         ; no            ; TTL          ;
; CMP   ; 144   ;  D  ; --   ; no           ; no                       ; no            ; no             ; no            ; no            ; no         ; no            ; TTL          ;
; LOAD  ; 94    ; --  ; 12   ; no           ; no                       ; no            ; no             ; no            ; no            ; no         ; no            ; TTL          ;
; CLEAR ; 87    ; --  ; 13   ; no           ; no                       ; no            ; no             ; no            ; no            ; no         ; no            ; TTL          ;
; COPIA ; 84    ; --  ; 14   ; no           ; no                       ; no            ; no             ; no            ; no            ; no         ; no            ; TTL          ;
; R     ; 97    ; --  ; 11   ; no           ; no                       ; no            ; no             ; no            ; no            ; no         ; no            ; TTL          ;
; S     ; 99    ; --  ; 10   ; no           ; no                       ; no            ; no             ; no            ; no            ; no         ; no            ; TTL          ;
; T     ; 101   ; --  ; 9    ; no           ; no                       ; no            ; no             ; no            ; no            ; no         ; no            ; TTL          ;
; Rout  ; 17    ;  B  ; --   ; no           ; no                       ; no            ; no             ; no            ; no            ; no         ; no            ; TTL          ;
; Sout  ; 24    ;  C  ; --   ; no           ; no                       ; no            ; no             ; no            ; no            ; no         ; no            ; TTL          ;
; Tout  ; 20    ;  B  ; --   ; no           ; no                       ; no            ; no             ; no            ; no            ; no         ; no            ; TTL          ;
; R1    ; 21    ;  B  ; --   ; no           ; no                       ; no            ; no             ; no            ; no            ; no         ; no            ; TTL          ;
; R0    ; 14    ;  B  ; --   ; no           ; no                       ; no            ; no             ; no            ; no            ; no         ; no            ; TTL          ;
+-------+-------+-----+------+--------------+--------------------------+---------------+----------------+---------------+---------------+------------+---------------+--------------+


+-----------------------------------+
; All Package Pins                  ;
+-------+------------+--------------+
; Pin # ; Usage      ; I/O Standard ;
+-------+------------+--------------+
; 1     ; #TCK       ;              ;
; 2     ; ^CONF_DONE ;              ;
; 3     ; ^nCEO      ;              ;
; 4     ; #TDO       ;              ;
; 5     ; VCC_INT    ;              ;
; 6     ; GND*       ;              ;
; 7     ; GND*       ;              ;
; 8     ; GND*       ;              ;
; 9     ; GND*       ;              ;
; 10    ; GND_INT    ;              ;
; 11    ; GND*       ;              ;
; 12    ; GND*       ;              ;
; 13    ; GND*       ;              ;
; 14    ; R0         ; TTL          ;
; 15    ; GND*       ;              ;
; 16    ; VCC_INT    ;              ;
; 17    ; Rout       ; TTL          ;
; 18    ; GND*       ;              ;
; 19    ; GND*       ;              ;
; 20    ; Tout       ; TTL          ;
; 21    ; R1         ; TTL          ;
; 22    ; GND_INT    ;              ;
; 23    ; GND*       ;              ;
; 24    ; Sout       ; TTL          ;
; 25    ; GND*       ;              ;
; 26    ; GND*       ;              ;
; 27    ; VCC_INT    ;              ;
; 28    ; pbSET      ; TTL          ;
; 29    ; pbRESET    ; TTL          ;
; 30    ; GND*       ;              ;
; 31    ; GND*       ;              ;
; 32    ; GND_INT    ;              ;
; 33    ; chave1     ; TTL          ;
; 34    ; chave2     ; TTL          ;
; 35    ; GND*       ;              ;
; 36    ; GND*       ;              ;
; 37    ; VCC_INT    ;              ;
; 38    ; GND*       ;              ;
; 39    ; Tin        ; TTL          ;
; 40    ; Sin        ; TTL          ;
; 41    ; Rin        ; TTL          ;
; 42    ; GND_INT    ;              ;
; 43    ; GND*       ;              ;
; 44    ; GND*       ;              ;
; 45    ; GND*       ;              ;
; 46    ; GND*       ;              ;
; 47    ; VCC_INT    ;              ;
; 48    ; GND*       ;              ;
; 49    ; GND*       ;              ;
; 50    ; GND*       ;              ;
; 51    ; GND*       ;              ;
; 52    ; GND_INT    ;              ;
; 53    ; GND*       ;              ;
; 54    ; GND*       ;              ;
; 55    ; GND*       ;              ;
; 56    ; GND*       ;              ;
; 57    ; VCC_INT    ;              ;
; 58    ; #TMS       ;              ;
; 59    ; #TRST      ;              ;
; 60    ; ^nSTATUS   ;              ;
; 61    ; GND*       ;              ;
; 62    ; GND*       ;              ;
; 63    ; GND*       ;              ;
; 64    ; GND*       ;              ;
; 65    ; GND*       ;              ;
; 66    ; GND*       ;              ;
; 67    ; GND*       ;              ;
; 68    ; GND*       ;              ;
; 69    ; GND_INT    ;              ;
; 70    ; GND*       ;              ;
; 71    ; GND*       ;              ;
; 72    ; GND*       ;              ;
; 73    ; GND*       ;              ;
; 74    ; GND*       ;              ;
; 75    ; GND*       ;              ;
; 76    ; GND*       ;              ;
; 77    ; VCC_INT    ;              ;
; 78    ; GND*       ;              ;
; 79    ; GND*       ;              ;
; 80    ; GND*       ;              ;
; 81    ; GND*       ;              ;
; 82    ; PP         ; TTL          ;
; 83    ; GND*       ;              ;
; 84    ; COPIA      ; TTL          ;
; 85    ; GND_INT    ;              ;
; 86    ; GND*       ;              ;
; 87    ; CLEAR      ; TTL          ;
; 88    ; GND*       ;              ;
; 89    ; VCC_INT    ;              ;
; 90    ; GND+       ;              ;
; 91    ; CLOCK      ; TTL          ;
; 92    ; GND+       ;              ;
; 93    ; GND_INT    ;              ;
; 94    ; LOAD       ; TTL          ;
; 95    ; GND*       ;              ;
; 96    ; VCC_INT    ;              ;
; 97    ; R          ; TTL          ;
; 98    ; GND*       ;              ;
; 99    ; S          ; TTL          ;
; 100   ; GND*       ;              ;
; 101   ; T          ; TTL          ;
; 102   ; GND*       ;              ;
; 103   ; GND*       ;              ;
; 104   ; GND_INT    ;              ;
; 105   ; GND*       ;              ;
; 106   ; GND*       ;              ;
; 107   ; GND*       ;              ;
; 108   ; GND*       ;              ;
; 109   ; GND*       ;              ;
; 110   ; GND*       ;              ;
; 111   ; GND*       ;              ;
; 112   ; VCC_INT    ;              ;
; 113   ; GND*       ;              ;
; 114   ; GND*       ;              ;
; 115   ; GND*       ;              ;
; 116   ; GND*       ;              ;
; 117   ; GND*       ;              ;
; 118   ; GND*       ;              ;
; 119   ; GND*       ;              ;
; 120   ; GND*       ;              ;
; 121   ; ^nCONFIG   ;              ;
; 122   ; VCC_INT    ;              ;
; 123   ; ^MSEL1     ;              ;
; 124   ; ^MSEL0     ;              ;
; 125   ; GND_INT    ;              ;
; 126   ; GND*       ;              ;
; 127   ; GND*       ;              ;
; 128   ; GND*       ;              ;
; 129   ; GND*       ;              ;
; 130   ; VCC_INT    ;              ;
; 131   ; GND*       ;              ;
; 132   ; GND*       ;              ;
; 133   ; GND*       ;              ;
; 134   ; GND*       ;              ;
; 135   ; GND_INT    ;              ;
; 136   ; GND*       ;              ;
; 137   ; GND*       ;              ;
; 138   ; GND*       ;              ;
; 139   ; GND*       ;              ;
; 140   ; VCC_INT    ;              ;
; 141   ; GND*       ;              ;
; 142   ; GND*       ;              ;
; 143   ; GND*       ;              ;
; 144   ; CMP        ; TTL          ;
; 145   ; GND_INT    ;              ;
; 146   ; GND*       ;              ;
; 147   ; GND*       ;              ;
; 148   ; GND*       ;              ;
; 149   ; GND*       ;              ;
; 150   ; VCC_INT    ;              ;
; 151   ; GND*       ;              ;
; 152   ; GND*       ;              ;
; 153   ; GND*       ;              ;
; 154   ; GND*       ;              ;
; 155   ; GND_INT    ;              ;
; 156   ; GND*       ;              ;
; 157   ; GND*       ;              ;
; 158   ; GND*       ;              ;
; 159   ; GND*       ;              ;
; 160   ; VCC_INT    ;              ;
; 161   ; GND*       ;              ;
; 162   ; GND*       ;              ;
; 163   ; GND*       ;              ;
; 164   ; GND*       ;              ;
; 165   ; GND_INT    ;              ;
; 166   ; GND*       ;              ;
; 167   ; GND*       ;              ;
; 168   ; GND*       ;              ;
; 169   ; GND*       ;              ;
; 170   ; VCC_INT    ;              ;
; 171   ; GND*       ;              ;
; 172   ; GND*       ;              ;
; 173   ; GND*       ;              ;
; 174   ; GND*       ;              ;
; 175   ; GND*       ;              ;
; 176   ; GND_INT    ;              ;
; 177   ; #TDI       ;              ;
; 178   ; ^nCE       ;              ;
; 179   ; ^DCLK      ;              ;
; 180   ; ^DATA0     ;              ;
; 181   ; GND*       ;              ;
; 182   ; GND*       ;              ;
; 183   ; GND*       ;              ;
; 184   ; GND*       ;              ;
; 185   ; GND*       ;              ;
; 186   ; GND*       ;              ;
; 187   ; GND*       ;              ;
; 188   ; GND*       ;              ;
; 189   ; VCC_INT    ;              ;
; 190   ; GND*       ;              ;
; 191   ; GND*       ;              ;
; 192   ; GND*       ;              ;
; 193   ; GND*       ;              ;
; 194   ; GND*       ;              ;
; 195   ; GND*       ;              ;
; 196   ; GND*       ;              ;
; 197   ; GND_INT    ;              ;
; 198   ; GND*       ;              ;
; 199   ; GND*       ;              ;
; 200   ; GND*       ;              ;
; 201   ; GND*       ;              ;
; 202   ; GND*       ;              ;
; 203   ; GND*       ;              ;
; 204   ; GND*       ;              ;
; 205   ; VCC_INT    ;              ;
; 206   ; GND*       ;              ;
; 207   ; GND*       ;              ;
; 208   ; GND*       ;              ;
; 209   ; GND*       ;              ;
; 210   ; GND+       ;              ;
; 211   ; GND+       ;              ;
; 212   ; GND+       ;              ;
; 213   ; GND*       ;              ;
; 214   ; GND*       ;              ;
; 215   ; GND*       ;              ;
; 216   ; GND_INT    ;              ;
; 217   ; GND*       ;              ;
; 218   ; GND*       ;              ;
; 219   ; GND*       ;              ;
; 220   ; GND*       ;              ;
; 221   ; GND*       ;              ;
; 222   ; GND*       ;              ;
; 223   ; GND*       ;              ;
; 224   ; VCC_INT    ;              ;
; 225   ; GND*       ;              ;
; 226   ; GND*       ;              ;
; 227   ; GND*       ;              ;
; 228   ; GND*       ;              ;
; 229   ; GND*       ;              ;
; 230   ; GND*       ;              ;
; 231   ; GND*       ;              ;
; 232   ; GND_INT    ;              ;
; 233   ; GND*       ;              ;
; 234   ; GND*       ;              ;
; 235   ; GND*       ;              ;
; 236   ; GND*       ;              ;
; 237   ; GND*       ;              ;
; 238   ; GND*       ;              ;
; 239   ; GND*       ;              ;
; 240   ; GND*       ;              ;
+-------+------------+--------------+


+---------------------------------------------------------------------------------------------------------------------------------------------------------------------------------------------------------------------------------------------------------------------------------------+
; Control Signals                                                                                                                                                                                                                                                                       ;
+-------------------------------------------------------------------------------------------------------------------------------------------------------------------------------------------------------------------------------------+---------+---------+--------------+--------------+
; Name                                                                                                                                                                                                                                ; Pin #   ; Fan-Out ; Usage        ; Global Usage ;
+-------------------------------------------------------------------------------------------------------------------------------------------------------------------------------------------------------------------------------------+---------+---------+--------------+--------------+
; unidadeControle:inst4|uc_load_clear_output:inst9|CLEAR~5                                                                                                                                                                            ; LC3_A13 ; 24      ; Clock        ; Non-global   ;
; CLOCK                                                                                                                                                                                                                               ; 91      ; 66      ; Clock        ; Pin          ;
; inst14~1                                                                                                                                                                                                                            ; LC1_C4  ; 3       ; Clock        ; Non-global   ;
; unidadeControle:inst4|uc_load_clear_output:inst9|LOAD~3                                                                                                                                                                             ; LC1_A13 ; 41      ; Clock        ; Internal     ;
; lpm_tff0:inst13|lpm_ff:lpm_ff_component|dffs[0]                                                                                                                                                                                     ; LC1_F21 ; 4       ; Clock        ; Non-global   ;
; inst24                                                                                                                                                                                                                              ; LC6_A13 ; 23      ; Async. clear ; Non-global   ;
; comparador:inst19|lpm_compare:lpm_compare_component|comptree:comparator|cmpchain:cmp_end|agb_out                                                                                                                                    ; LC6_A19 ; 4       ; Clock        ; Non-global   ;
; divisorFrequencia:inst8|lpm_counter:lpm_counter_component|alt_counter_f10ke:wysi_counter|cout                                                                                                                                       ; LC5_F17 ; 1       ; Clock        ; Non-global   ;
; divisorFrequencia:inst8|lpm_counter:lpm_counter_component|alt_counter_f10ke:wysi_counter|lpm_compare:$00024|comptree:comparator|cmpchain:cmp_end|comptree:comp|comptree:sub_comptree|comptree:sub_comptree|cmpchain:cmp_end|aeb_out ; LC1_F13 ; 18      ; Sync. load   ; Non-global   ;
; contadorModulo6:inst21|lpm_counter:lpm_counter_component|alt_counter_f10ke:wysi_counter|cout                                                                                                                                        ; LC5_A14 ; 20      ; Clock        ; Non-global   ;
+-------------------------------------------------------------------------------------------------------------------------------------------------------------------------------------------------------------------------------------+---------+---------+--------------+--------------+


+--------------------------------------------------------------------------------------+
; Global & Other Fast Signals                                                          ;
+---------------------------------------------------------+---------+---------+--------+
; Name                                                    ; Pin #   ; Fan-Out ; Global ;
+---------------------------------------------------------+---------+---------+--------+
; CLOCK                                                   ; 91      ; 66      ; yes    ;
; unidadeControle:inst4|uc_load_clear_output:inst9|LOAD~3 ; LC1_A13 ; 41      ; yes    ;
+---------------------------------------------------------+---------+---------+--------+


+---------------------------------------------+
; Carry Chains                                ;
+--------------------+------------------------+
; Carry Chain Length ; Number of Carry Chains ;
+--------------------+------------------------+
; 0 - 1              ; 0                      ;
; 2 - 3              ; 0                      ;
; 4 - 5              ; 1                      ;
; 6 - 7              ; 0                      ;
; 8 - 9              ; 0                      ;
; 10 - 11            ; 0                      ;
; 12 - 13            ; 0                      ;
; 14 - 15            ; 0                      ;
; 16 - 17            ; 0                      ;
; 18 - 19            ; 1                      ;
; 20 - 21            ; 6                      ;
+--------------------+------------------------+


+----------------+
; Cascade Chains ;
+--------+-------+
; Length ; Count ;
+--------+-------+
; 2      ; 2     ;
+--------+-------+


+-------------------------------------------------------------------------------------------------------------------------------------------------------------------------------------------------------------------------------------------------+
; Non-Global High Fan-Out Signals                                                                                                                                                                                                                 ;
+---------------------------------------------------------------------------------------------------------------------------------------------------------------------------------------------------------------------------------------+---------+
; Name                                                                                                                                                                                                                                  ; Fan-Out ;
+---------------------------------------------------------------------------------------------------------------------------------------------------------------------------------------------------------------------------------------+---------+
; unidadeControle:inst4|uc_load_clear_output:inst9|CLEAR~7                                                                                                                                                                              ; 24      ;
; inst24~0                                                                                                                                                                                                                              ; 23      ;
; inst17~0                                                                                                                                                                                                                              ; 20      ;
; contadorModulo6:inst21|lpm_counter:lpm_counter_component|alt_counter_f10ke:wysi_counter|cout~0                                                                                                                                        ; 20      ;
; divisorFrequencia:inst8|lpm_counter:lpm_counter_component|alt_counter_f10ke:wysi_counter|lpm_compare:$00024|comptree:comparator|cmpchain:cmp_end|comptree:comp|comptree:sub_comptree|comptree:sub_comptree|cmpchain:cmp_end|aeb_out~1 ; 18      ;
; ~GND~0                                                                                                                                                                                                                                ; 17      ;
; unidadeControle:inst4|segurador_estado:inst2|lpm_ff:lpm_ff_component|dffs[1]~2                                                                                                                                                        ; 13      ;
; unidadeControle:inst4|segurador_estado:inst2|lpm_ff:lpm_ff_component|dffs[3]~4                                                                                                                                                        ; 13      ;
; unidadeControle:inst4|segurador_estado:inst2|lpm_ff:lpm_ff_component|dffs[0]~1                                                                                                                                                        ; 12      ;
; unidadeControle:inst4|segurador_estado:inst2|lpm_ff:lpm_ff_component|dffs[2]~3                                                                                                                                                        ; 12      ;
; comparadorFase:inst25|ff:inst1|lpm_ff:lpm_ff_component|dffs[2]~1                                                                                                                                                                      ; 11      ;
; comparadorFase:inst25|ff:inst1|lpm_ff:lpm_ff_component|dffs[1]~2                                                                                                                                                                      ; 8       ;
; multiplexer:inst10|lpm_mux:lpm_mux_component|muxlut:$00009|result_node~5                                                                                                                                                              ; 8       ;
; comparador:inst2|lpm_compare:lpm_compare_component|comptree:comparator|cmpchain:cmp_end|agb_out~0                                                                                                                                     ; 5       ;
; contador:inst|lpm_counter:lpm_counter_component|alt_counter_f10ke:wysi_counter|counter_cell[13]~COUT                                                                                                                                  ; 4       ;
; ledDff:inst27|lpm_ff:lpm_ff_component|dffs[1]~4                                                                                                                                                                                       ; 4       ;
; ledDff:inst27|lpm_ff:lpm_ff_component|dffs[0]~5                                                                                                                                                                                       ; 4       ;
; contador:inst|lpm_counter:lpm_counter_component|alt_counter_f10ke:wysi_counter|counter_cell[14]~COUT                                                                                                                                  ; 4       ;
; contador:inst|lpm_counter:lpm_counter_component|alt_counter_f10ke:wysi_counter|counter_cell[0]~COUT                                                                                                                                   ; 4       ;
; ledDff:inst27|lpm_ff:lpm_ff_component|dffs[2]~3                                                                                                                                                                                       ; 4       ;
; lpm_tff0:inst13|lpm_ff:lpm_ff_component|dffs[0]~1                                                                                                                                                                                     ; 4       ;
; contador:inst|lpm_counter:lpm_counter_component|alt_counter_f10ke:wysi_counter|counter_cell[1]~COUT                                                                                                                                   ; 4       ;
; contador:inst|lpm_counter:lpm_counter_component|alt_counter_f10ke:wysi_counter|counter_cell[2]~COUT                                                                                                                                   ; 4       ;
; contador:inst|lpm_counter:lpm_counter_component|alt_counter_f10ke:wysi_counter|counter_cell[16]~COUT                                                                                                                                  ; 4       ;
; Sin                                                                                                                                                                                                                                   ; 4       ;
; Tin                                                                                                                                                                                                                                   ; 4       ;
; contador:inst|lpm_counter:lpm_counter_component|alt_counter_f10ke:wysi_counter|counter_cell[3]~COUT                                                                                                                                   ; 4       ;
; contador:inst|lpm_counter:lpm_counter_component|alt_counter_f10ke:wysi_counter|counter_cell[15]~COUT                                                                                                                                  ; 4       ;
; contador:inst|lpm_counter:lpm_counter_component|alt_counter_f10ke:wysi_counter|counter_cell[4]~COUT                                                                                                                                   ; 4       ;
; Rin                                                                                                                                                                                                                                   ; 4       ;
; contador:inst|lpm_counter:lpm_counter_component|alt_counter_f10ke:wysi_counter|counter_cell[17]~COUT                                                                                                                                  ; 4       ;
; contador:inst|lpm_counter:lpm_counter_component|alt_counter_f10ke:wysi_counter|counter_cell[5]~COUT                                                                                                                                   ; 4       ;
; contador:inst|lpm_counter:lpm_counter_component|alt_counter_f10ke:wysi_counter|counter_cell[6]~COUT                                                                                                                                   ; 4       ;
; comparador:inst19|lpm_compare:lpm_compare_component|comptree:comparator|cmpchain:cmp_end|agb_out~0                                                                                                                                    ; 4       ;
; contador:inst|lpm_counter:lpm_counter_component|alt_counter_f10ke:wysi_counter|counter_cell[18]~COUT                                                                                                                                  ; 4       ;
; contador:inst|lpm_counter:lpm_counter_component|alt_counter_f10ke:wysi_counter|counter_cell[8]~COUT                                                                                                                                   ; 4       ;
; contador:inst|lpm_counter:lpm_counter_component|alt_counter_f10ke:wysi_counter|counter_cell[7]~COUT                                                                                                                                   ; 4       ;
; contador:inst|lpm_counter:lpm_counter_component|alt_counter_f10ke:wysi_counter|counter_cell[12]~COUT                                                                                                                                  ; 4       ;
; contador:inst|lpm_counter:lpm_counter_component|alt_counter_f10ke:wysi_counter|counter_cell[9]~COUT                                                                                                                                   ; 4       ;
; contador:inst|lpm_counter:lpm_counter_component|alt_counter_f10ke:wysi_counter|counter_cell[10]~COUT                                                                                                                                  ; 4       ;
; contador:inst|lpm_counter:lpm_counter_component|alt_counter_f10ke:wysi_counter|counter_cell[11]~COUT                                                                                                                                  ; 4       ;
; contadorModulo6:inst21|lpm_counter:lpm_counter_component|alt_counter_f10ke:wysi_counter|sclr_node~1                                                                                                                                   ; 3       ;
; unidadeControle:inst4|uc_prox:inst|d~85                                                                                                                                                                                               ; 3       ;
; inst14~2                                                                                                                                                                                                                              ; 3       ;
; result:inst23|result[2]~28                                                                                                                                                                                                            ; 3       ;
; comparadorFase:inst25|ff:inst1|lpm_ff:lpm_ff_component|dffs[0]~3                                                                                                                                                                      ; 3       ;
; contador:inst|lpm_counter:lpm_counter_component|alt_counter_f10ke:wysi_counter|q[19]~0                                                                                                                                                ; 3       ;
; GeradorRST:inst3|D1~1                                                                                                                                                                                                                 ; 3       ;
; GeradorRST:inst3|D0~1                                                                                                                                                                                                                 ; 3       ;
; GeradorRST:inst3|D2~1                                                                                                                                                                                                                 ; 3       ;
+---------------------------------------------------------------------------------------------------------------------------------------------------------------------------------------------------------------------------------------+---------+


+------------------------------------------------------------------------------------------------------------------------------------+
; Peripheral Signals                                                                                                                 ;
+---------------------------------------------------------+---------+-------+-----------------+---------------------------+----------+
; Peripheral Signal                                       ; Source  ; Usage ; Dedicated Clock ; Peripheral Control Signal ; Polarity ;
+---------------------------------------------------------+---------+-------+-----------------+---------------------------+----------+
; unidadeControle:inst4|uc_load_clear_output:inst9|LOAD~3 ; LC1_A13 ; Clock ; no              ; yes                       ; +ve      ;
+---------------------------------------------------------+---------+-------+-----------------+---------------------------+----------+


+-------------------------------------------+
; LAB                                       ;
+--------------------------+----------------+
; Number of Logic Elements ; Number of LABs ;
+--------------------------+----------------+
; 0                        ; 84             ;
; 1                        ; 28             ;
; 2                        ; 4              ;
; 3                        ; 0              ;
; 4                        ; 0              ;
; 5                        ; 1              ;
; 6                        ; 4              ;
; 7                        ; 1              ;
; 8                        ; 22             ;
+--------------------------+----------------+


+----------------------------------------------+
; Local Routing Interconnect                   ;
+-----------------------------+----------------+
; Local Routing Interconnects ; Number of LABs ;
+-----------------------------+----------------+
; 0                           ; 121            ;
; 1                           ; 4              ;
; 2                           ; 10             ;
; 3                           ; 1              ;
; 4                           ; 3              ;
; 5                           ; 1              ;
; 6                           ; 0              ;
; 7                           ; 2              ;
; 8                           ; 2              ;
+-----------------------------+----------------+


+---------------------------------------------+
; LAB External Interconnect                   ;
+----------------------------+----------------+
; LAB External Interconnects ; Number of LABs ;
+----------------------------+----------------+
; 0                          ; 84             ;
; 1                          ; 30             ;
; 2                          ; 10             ;
; 3                          ; 3              ;
; 4                          ; 1              ;
; 5                          ; 3              ;
; 6                          ; 0              ;
; 7                          ; 0              ;
; 8                          ; 1              ;
; 9                          ; 4              ;
; 10                         ; 3              ;
; 11                         ; 0              ;
; 12                         ; 2              ;
; 13                         ; 0              ;
; 14                         ; 0              ;
; 15                         ; 0              ;
; 16                         ; 3              ;
+----------------------------+----------------+


+-----------------------------------------------------------------------------------------+
; Row Interconnect                                                                        ;
+-------+--------------------+-----------------------------+------------------------------+
; Row   ; Interconnect Used  ; Left Half Interconnect Used ; Right Half Interconnect Used ;
+-------+--------------------+-----------------------------+------------------------------+
;  A    ;  24 / 96 ( 25 % )  ;  7 / 48 ( 15 % )            ;  30 / 48 ( 63 % )            ;
;  B    ;  3 / 96 ( 3 % )    ;  0 / 48 ( 0 % )             ;  15 / 48 ( 31 % )            ;
;  C    ;  19 / 96 ( 20 % )  ;  0 / 48 ( 0 % )             ;  29 / 48 ( 60 % )            ;
;  D    ;  11 / 96 ( 11 % )  ;  5 / 48 ( 10 % )            ;  3 / 48 ( 6 % )              ;
;  E    ;  2 / 96 ( 2 % )    ;  0 / 48 ( 0 % )             ;  1 / 48 ( 2 % )              ;
;  F    ;  0 / 96 ( 0 % )    ;  1 / 48 ( 2 % )             ;  17 / 48 ( 35 % )            ;
; Total ;  59 / 576 ( 10 % ) ;  13 / 288 ( 5 % )           ;  95 / 288 ( 33 % )           ;
+-------+--------------------+-----------------------------+------------------------------+


+---------------------------+
; LAB Column Interconnect   ;
+-------+-------------------+
; Col.  ; Interconnect Used ;
+-------+-------------------+
; 1     ;  0 / 24 ( 0 % )   ;
; 2     ;  0 / 24 ( 0 % )   ;
; 3     ;  1 / 24 ( 4 % )   ;
; 4     ;  0 / 24 ( 0 % )   ;
; 5     ;  0 / 24 ( 0 % )   ;
; 6     ;  0 / 24 ( 0 % )   ;
; 7     ;  1 / 24 ( 4 % )   ;
; 8     ;  0 / 24 ( 0 % )   ;
; 9     ;  2 / 24 ( 8 % )   ;
; 10    ;  1 / 24 ( 4 % )   ;
; 11    ;  1 / 24 ( 4 % )   ;
; 12    ;  2 / 24 ( 8 % )   ;
; 13    ;  6 / 24 ( 25 % )  ;
; 14    ;  2 / 24 ( 8 % )   ;
; 15    ;  1 / 24 ( 4 % )   ;
; 16    ;  1 / 24 ( 4 % )   ;
; 17    ;  1 / 24 ( 4 % )   ;
; 18    ;  0 / 24 ( 0 % )   ;
; 19    ;  2 / 24 ( 8 % )   ;
; 20    ;  0 / 24 ( 0 % )   ;
; 21    ;  1 / 24 ( 4 % )   ;
; 22    ;  0 / 24 ( 0 % )   ;
; 23    ;  1 / 24 ( 4 % )   ;
; 24    ;  2 / 24 ( 8 % )   ;
; Total ;  25 / 576 ( 4 % ) ;
+-------+-------------------+


+---------------------------+
; LAB Column Interconnect   ;
+-------+-------------------+
; Col.  ; Interconnect Used ;
+-------+-------------------+
; 1     ;  0 / 24 ( 0 % )   ;
; Total ;  0 / 24 ( 0 % )   ;
+-------+-------------------+


+----------------------------------------------------------------------------------------------+
; Fitter Resource Usage Summary                                                                ;
+-----------------------------------+----------------------------------------------------------+
; Resource                          ; Usage                                                    ;
+-----------------------------------+----------------------------------------------------------+
; Total logic elements              ; 248 / 1,152 ( 22 % )                                     ;
; Registers                         ; 138 / 1,152 ( 12 % )                                     ;
; Logic elements in carry chains    ; 142                                                      ;
; User inserted logic elements      ; 0                                                        ;
; I/O pins                          ; 21 / 189 ( 11 % )                                        ;
;     -- Clock pins                 ; 1 / 2 ( 50 % )                                           ;
;     -- Dedicated input pins       ; 0 / 4 ( 0 % )                                            ;
; Global signals                    ; 2                                                        ;
; EABs                              ; 0 / 6 ( 0 % )                                            ;
; Total memory bits                 ; 0 / 12,288 ( 0 % )                                       ;
; Total RAM block bits              ; 0 / 12,288 ( 0 % )                                       ;
; Maximum fan-out node              ; CLOCK                                                    ;
; Maximum fan-out                   ; 66                                                       ;
; Highest non-global fan-out signal ; unidadeControle:inst4|uc_load_clear_output:inst9|CLEAR~5 ;
; Highest non-global fan-out        ; 24                                                       ;
; Total fan-out                     ; 735                                                      ;
; Average fan-out                   ; 2.73                                                     ;
+-----------------------------------+----------------------------------------------------------+


+---------------------------------------------------------------------------------------------------------------------------------------------------------------------------------------------------------------------------------------------------------------------------------------------------------------------------------------------------------------------------------------------------------------------------------------------------+
; Fitter Resource Utilization by Entity                                                                                                                                                                                                                                                                                                                                                                                                             ;
+----------------------------------------------------+-------------+--------------+-------------+------+--------------+-------------------+------------------+-----------------+------------+----------------------------------------------------------------------------------------------------------------------------------------------------------------------------------------------------------------------------------------+--------------+
; Compilation Hierarchy Node                         ; Logic Cells ; LC Registers ; Memory Bits ; Pins ; LUT-Only LCs ; Register-Only LCs ; LUT/Register LCs ; Carry Chain LCs ; Packed LCs ; Full Hierarchy Name                                                                                                                                                                                                                    ; Library Name ;
+----------------------------------------------------+-------------+--------------+-------------+------+--------------+-------------------+------------------+-----------------+------------+----------------------------------------------------------------------------------------------------------------------------------------------------------------------------------------------------------------------------------------+--------------+
; |LeitorRST                                         ; 248 (9)     ; 138          ; 0           ; 21   ; 110 (7)      ; 48 (1)            ; 90 (1)           ; 142 (0)         ; 0 (0)      ; |LeitorRST                                                                                                                                                                                                                             ; work         ;
;    |GeradorRST:inst3|                              ; 3 (3)       ; 3            ; 0           ; 0    ; 0 (0)        ; 2 (2)             ; 1 (1)            ; 0 (0)           ; 0 (0)      ; |LeitorRST|GeradorRST:inst3                                                                                                                                                                                                            ; work         ;
;    |comparador:inst19|                             ; 20 (0)      ; 0            ; 0           ; 0    ; 20 (0)       ; 0 (0)             ; 0 (0)            ; 20 (0)          ; 0 (0)      ; |LeitorRST|comparador:inst19                                                                                                                                                                                                           ; work         ;
;       |lpm_compare:lpm_compare_component|          ; 20 (0)      ; 0            ; 0           ; 0    ; 20 (0)       ; 0 (0)             ; 0 (0)            ; 20 (0)          ; 0 (0)      ; |LeitorRST|comparador:inst19|lpm_compare:lpm_compare_component                                                                                                                                                                         ; work         ;
;          |comptree:comparator|                     ; 20 (0)      ; 0            ; 0           ; 0    ; 20 (0)       ; 0 (0)             ; 0 (0)            ; 20 (0)          ; 0 (0)      ; |LeitorRST|comparador:inst19|lpm_compare:lpm_compare_component|comptree:comparator                                                                                                                                                     ; work         ;
;             |cmpchain:cmp_end|                     ; 20 (20)     ; 0            ; 0           ; 0    ; 20 (20)      ; 0 (0)             ; 0 (0)            ; 20 (20)         ; 0 (0)      ; |LeitorRST|comparador:inst19|lpm_compare:lpm_compare_component|comptree:comparator|cmpchain:cmp_end                                                                                                                                    ; work         ;
;    |comparador:inst2|                              ; 20 (0)      ; 0            ; 0           ; 0    ; 20 (0)       ; 0 (0)             ; 0 (0)            ; 20 (0)          ; 0 (0)      ; |LeitorRST|comparador:inst2                                                                                                                                                                                                            ; work         ;
;       |lpm_compare:lpm_compare_component|          ; 20 (0)      ; 0            ; 0           ; 0    ; 20 (0)       ; 0 (0)             ; 0 (0)            ; 20 (0)          ; 0 (0)      ; |LeitorRST|comparador:inst2|lpm_compare:lpm_compare_component                                                                                                                                                                          ; work         ;
;          |comptree:comparator|                     ; 20 (0)      ; 0            ; 0           ; 0    ; 20 (0)       ; 0 (0)             ; 0 (0)            ; 20 (0)          ; 0 (0)      ; |LeitorRST|comparador:inst2|lpm_compare:lpm_compare_component|comptree:comparator                                                                                                                                                      ; work         ;
;             |cmpchain:cmp_end|                     ; 20 (20)     ; 0            ; 0           ; 0    ; 20 (20)      ; 0 (0)             ; 0 (0)            ; 20 (20)         ; 0 (0)      ; |LeitorRST|comparador:inst2|lpm_compare:lpm_compare_component|comptree:comparator|cmpchain:cmp_end                                                                                                                                     ; work         ;
;    |comparador:inst9|                              ; 20 (0)      ; 0            ; 0           ; 0    ; 20 (0)       ; 0 (0)             ; 0 (0)            ; 20 (0)          ; 0 (0)      ; |LeitorRST|comparador:inst9                                                                                                                                                                                                            ; work         ;
;       |lpm_compare:lpm_compare_component|          ; 20 (0)      ; 0            ; 0           ; 0    ; 20 (0)       ; 0 (0)             ; 0 (0)            ; 20 (0)          ; 0 (0)      ; |LeitorRST|comparador:inst9|lpm_compare:lpm_compare_component                                                                                                                                                                          ; work         ;
;          |comptree:comparator|                     ; 20 (0)      ; 0            ; 0           ; 0    ; 20 (0)       ; 0 (0)             ; 0 (0)            ; 20 (0)          ; 0 (0)      ; |LeitorRST|comparador:inst9|lpm_compare:lpm_compare_component|comptree:comparator                                                                                                                                                      ; work         ;
;             |cmpchain:cmp_end|                     ; 20 (20)     ; 0            ; 0           ; 0    ; 20 (20)      ; 0 (0)             ; 0 (0)            ; 20 (20)         ; 0 (0)      ; |LeitorRST|comparador:inst9|lpm_compare:lpm_compare_component|comptree:comparator|cmpchain:cmp_end                                                                                                                                     ; work         ;
;    |comparadorFase:inst25|                         ; 4 (0)       ; 3            ; 0           ; 0    ; 1 (0)        ; 0 (0)             ; 3 (0)            ; 0 (0)           ; 0 (0)      ; |LeitorRST|comparadorFase:inst25                                                                                                                                                                                                       ; work         ;
;       |compFase:inst|                              ; 1 (1)       ; 0            ; 0           ; 0    ; 1 (1)        ; 0 (0)             ; 0 (0)            ; 0 (0)           ; 0 (0)      ; |LeitorRST|comparadorFase:inst25|compFase:inst                                                                                                                                                                                         ; work         ;
;       |ff:inst1|                                   ; 3 (0)       ; 3            ; 0           ; 0    ; 0 (0)        ; 0 (0)             ; 3 (0)            ; 0 (0)           ; 0 (0)      ; |LeitorRST|comparadorFase:inst25|ff:inst1                                                                                                                                                                                              ; work         ;
;          |lpm_ff:lpm_ff_component|                 ; 3 (3)       ; 3            ; 0           ; 0    ; 0 (0)        ; 0 (0)             ; 3 (3)            ; 0 (0)           ; 0 (0)      ; |LeitorRST|comparadorFase:inst25|ff:inst1|lpm_ff:lpm_ff_component                                                                                                                                                                      ; work         ;
;    |contador:inst18|                               ; 20 (0)      ; 20           ; 0           ; 0    ; 0 (0)        ; 0 (0)             ; 20 (0)           ; 20 (0)          ; 0 (0)      ; |LeitorRST|contador:inst18                                                                                                                                                                                                             ; work         ;
;       |lpm_counter:lpm_counter_component|          ; 20 (0)      ; 20           ; 0           ; 0    ; 0 (0)        ; 0 (0)             ; 20 (0)           ; 20 (0)          ; 0 (0)      ; |LeitorRST|contador:inst18|lpm_counter:lpm_counter_component                                                                                                                                                                           ; work         ;
;          |alt_counter_f10ke:wysi_counter|          ; 20 (20)     ; 20           ; 0           ; 0    ; 0 (0)        ; 0 (0)             ; 20 (20)          ; 20 (20)         ; 0 (0)      ; |LeitorRST|contador:inst18|lpm_counter:lpm_counter_component|alt_counter_f10ke:wysi_counter                                                                                                                                            ; work         ;
;    |contador:inst|                                 ; 20 (0)      ; 20           ; 0           ; 0    ; 0 (0)        ; 0 (0)             ; 20 (0)           ; 20 (0)          ; 0 (0)      ; |LeitorRST|contador:inst                                                                                                                                                                                                               ; work         ;
;       |lpm_counter:lpm_counter_component|          ; 20 (0)      ; 20           ; 0           ; 0    ; 0 (0)        ; 0 (0)             ; 20 (0)           ; 20 (0)          ; 0 (0)      ; |LeitorRST|contador:inst|lpm_counter:lpm_counter_component                                                                                                                                                                             ; work         ;
;          |alt_counter_f10ke:wysi_counter|          ; 20 (20)     ; 20           ; 0           ; 0    ; 0 (0)        ; 0 (0)             ; 20 (20)          ; 20 (20)         ; 0 (0)      ; |LeitorRST|contador:inst|lpm_counter:lpm_counter_component|alt_counter_f10ke:wysi_counter                                                                                                                                              ; work         ;
;    |contadorClearAs:inst22|                        ; 20 (0)      ; 20           ; 0           ; 0    ; 0 (0)        ; 0 (0)             ; 20 (0)           ; 20 (0)          ; 0 (0)      ; |LeitorRST|contadorClearAs:inst22                                                                                                                                                                                                      ; work         ;
;       |lpm_counter:lpm_counter_component|          ; 20 (0)      ; 20           ; 0           ; 0    ; 0 (0)        ; 0 (0)             ; 20 (0)           ; 20 (0)          ; 0 (0)      ; |LeitorRST|contadorClearAs:inst22|lpm_counter:lpm_counter_component                                                                                                                                                                    ; work         ;
;          |alt_counter_f10ke:wysi_counter|          ; 20 (20)     ; 20           ; 0           ; 0    ; 0 (0)        ; 0 (0)             ; 20 (20)          ; 20 (20)         ; 0 (0)      ; |LeitorRST|contadorClearAs:inst22|lpm_counter:lpm_counter_component|alt_counter_f10ke:wysi_counter                                                                                                                                     ; work         ;
;    |contadorModulo6:inst21|                        ; 6 (0)       ; 3            ; 0           ; 0    ; 3 (0)        ; 0 (0)             ; 3 (0)            ; 4 (0)           ; 0 (0)      ; |LeitorRST|contadorModulo6:inst21                                                                                                                                                                                                      ; work         ;
;       |lpm_counter:lpm_counter_component|          ; 6 (0)       ; 3            ; 0           ; 0    ; 3 (0)        ; 0 (0)             ; 3 (0)            ; 4 (0)           ; 0 (0)      ; |LeitorRST|contadorModulo6:inst21|lpm_counter:lpm_counter_component                                                                                                                                                                    ; work         ;
;          |alt_counter_f10ke:wysi_counter|          ; 6 (5)       ; 3            ; 0           ; 0    ; 3 (2)        ; 0 (0)             ; 3 (3)            ; 4 (4)           ; 0 (0)      ; |LeitorRST|contadorModulo6:inst21|lpm_counter:lpm_counter_component|alt_counter_f10ke:wysi_counter                                                                                                                                     ; work         ;
;             |lpm_compare:$00010|                   ; 1 (0)       ; 0            ; 0           ; 0    ; 1 (0)        ; 0 (0)             ; 0 (0)            ; 0 (0)           ; 0 (0)      ; |LeitorRST|contadorModulo6:inst21|lpm_counter:lpm_counter_component|alt_counter_f10ke:wysi_counter|lpm_compare:$00010                                                                                                                  ; work         ;
;                |comptree:comparator|               ; 1 (0)       ; 0            ; 0           ; 0    ; 1 (0)        ; 0 (0)             ; 0 (0)            ; 0 (0)           ; 0 (0)      ; |LeitorRST|contadorModulo6:inst21|lpm_counter:lpm_counter_component|alt_counter_f10ke:wysi_counter|lpm_compare:$00010|comptree:comparator                                                                                              ; work         ;
;                   |cmpchain:cmp_end|               ; 1 (1)       ; 0            ; 0           ; 0    ; 1 (1)        ; 0 (0)             ; 0 (0)            ; 0 (0)           ; 0 (0)      ; |LeitorRST|contadorModulo6:inst21|lpm_counter:lpm_counter_component|alt_counter_f10ke:wysi_counter|lpm_compare:$00010|comptree:comparator|cmpchain:cmp_end                                                                             ; work         ;
;    |dff_chaves:inst12|                             ; 2 (0)       ; 2            ; 0           ; 0    ; 0 (0)        ; 2 (0)             ; 0 (0)            ; 0 (0)           ; 0 (0)      ; |LeitorRST|dff_chaves:inst12                                                                                                                                                                                                           ; work         ;
;       |lpm_ff:lpm_ff_component|                    ; 2 (2)       ; 2            ; 0           ; 0    ; 0 (0)        ; 2 (2)             ; 0 (0)            ; 0 (0)           ; 0 (0)      ; |LeitorRST|dff_chaves:inst12|lpm_ff:lpm_ff_component                                                                                                                                                                                   ; work         ;
;    |divisorFrequencia:inst8|                       ; 26 (0)      ; 17           ; 0           ; 0    ; 9 (0)        ; 0 (0)             ; 17 (0)           ; 18 (0)          ; 0 (0)      ; |LeitorRST|divisorFrequencia:inst8                                                                                                                                                                                                     ; work         ;
;       |lpm_counter:lpm_counter_component|          ; 26 (0)      ; 17           ; 0           ; 0    ; 9 (0)        ; 0 (0)             ; 17 (0)           ; 18 (0)          ; 0 (0)      ; |LeitorRST|divisorFrequencia:inst8|lpm_counter:lpm_counter_component                                                                                                                                                                   ; work         ;
;          |alt_counter_f10ke:wysi_counter|          ; 26 (18)     ; 17           ; 0           ; 0    ; 9 (1)        ; 0 (0)             ; 17 (17)          ; 18 (18)         ; 0 (0)      ; |LeitorRST|divisorFrequencia:inst8|lpm_counter:lpm_counter_component|alt_counter_f10ke:wysi_counter                                                                                                                                    ; work         ;
;             |lpm_compare:$00024|                   ; 8 (0)       ; 0            ; 0           ; 0    ; 8 (0)        ; 0 (0)             ; 0 (0)            ; 0 (0)           ; 0 (0)      ; |LeitorRST|divisorFrequencia:inst8|lpm_counter:lpm_counter_component|alt_counter_f10ke:wysi_counter|lpm_compare:$00024                                                                                                                 ; work         ;
;                |comptree:comparator|               ; 8 (0)       ; 0            ; 0           ; 0    ; 8 (0)        ; 0 (0)             ; 0 (0)            ; 0 (0)           ; 0 (0)      ; |LeitorRST|divisorFrequencia:inst8|lpm_counter:lpm_counter_component|alt_counter_f10ke:wysi_counter|lpm_compare:$00024|comptree:comparator                                                                                             ; work         ;
;                   |cmpchain:cmp_end|               ; 8 (0)       ; 0            ; 0           ; 0    ; 8 (0)        ; 0 (0)             ; 0 (0)            ; 0 (0)           ; 0 (0)      ; |LeitorRST|divisorFrequencia:inst8|lpm_counter:lpm_counter_component|alt_counter_f10ke:wysi_counter|lpm_compare:$00024|comptree:comparator|cmpchain:cmp_end                                                                            ; work         ;
;                      |comptree:comp|               ; 8 (0)       ; 0            ; 0           ; 0    ; 8 (0)        ; 0 (0)             ; 0 (0)            ; 0 (0)           ; 0 (0)      ; |LeitorRST|divisorFrequencia:inst8|lpm_counter:lpm_counter_component|alt_counter_f10ke:wysi_counter|lpm_compare:$00024|comptree:comparator|cmpchain:cmp_end|comptree:comp                                                              ; work         ;
;                         |cmpchain:cmp[0]|          ; 1 (1)       ; 0            ; 0           ; 0    ; 1 (1)        ; 0 (0)             ; 0 (0)            ; 0 (0)           ; 0 (0)      ; |LeitorRST|divisorFrequencia:inst8|lpm_counter:lpm_counter_component|alt_counter_f10ke:wysi_counter|lpm_compare:$00024|comptree:comparator|cmpchain:cmp_end|comptree:comp|cmpchain:cmp[0]                                              ; work         ;
;                         |cmpchain:cmp[1]|          ; 1 (1)       ; 0            ; 0           ; 0    ; 1 (1)        ; 0 (0)             ; 0 (0)            ; 0 (0)           ; 0 (0)      ; |LeitorRST|divisorFrequencia:inst8|lpm_counter:lpm_counter_component|alt_counter_f10ke:wysi_counter|lpm_compare:$00024|comptree:comparator|cmpchain:cmp_end|comptree:comp|cmpchain:cmp[1]                                              ; work         ;
;                         |cmpchain:cmp[2]|          ; 1 (1)       ; 0            ; 0           ; 0    ; 1 (1)        ; 0 (0)             ; 0 (0)            ; 0 (0)           ; 0 (0)      ; |LeitorRST|divisorFrequencia:inst8|lpm_counter:lpm_counter_component|alt_counter_f10ke:wysi_counter|lpm_compare:$00024|comptree:comparator|cmpchain:cmp_end|comptree:comp|cmpchain:cmp[2]                                              ; work         ;
;                         |cmpchain:cmp[3]|          ; 1 (1)       ; 0            ; 0           ; 0    ; 1 (1)        ; 0 (0)             ; 0 (0)            ; 0 (0)           ; 0 (0)      ; |LeitorRST|divisorFrequencia:inst8|lpm_counter:lpm_counter_component|alt_counter_f10ke:wysi_counter|lpm_compare:$00024|comptree:comparator|cmpchain:cmp_end|comptree:comp|cmpchain:cmp[3]                                              ; work         ;
;                         |cmpchain:cmp_end|         ; 1 (1)       ; 0            ; 0           ; 0    ; 1 (1)        ; 0 (0)             ; 0 (0)            ; 0 (0)           ; 0 (0)      ; |LeitorRST|divisorFrequencia:inst8|lpm_counter:lpm_counter_component|alt_counter_f10ke:wysi_counter|lpm_compare:$00024|comptree:comparator|cmpchain:cmp_end|comptree:comp|cmpchain:cmp_end                                             ; work         ;
;                         |comptree:sub_comptree|    ; 3 (0)       ; 0            ; 0           ; 0    ; 3 (0)        ; 0 (0)             ; 0 (0)            ; 0 (0)           ; 0 (0)      ; |LeitorRST|divisorFrequencia:inst8|lpm_counter:lpm_counter_component|alt_counter_f10ke:wysi_counter|lpm_compare:$00024|comptree:comparator|cmpchain:cmp_end|comptree:comp|comptree:sub_comptree                                        ; work         ;
;                            |cmpchain:cmp[0]|       ; 1 (1)       ; 0            ; 0           ; 0    ; 1 (1)        ; 0 (0)             ; 0 (0)            ; 0 (0)           ; 0 (0)      ; |LeitorRST|divisorFrequencia:inst8|lpm_counter:lpm_counter_component|alt_counter_f10ke:wysi_counter|lpm_compare:$00024|comptree:comparator|cmpchain:cmp_end|comptree:comp|comptree:sub_comptree|cmpchain:cmp[0]                        ; work         ;
;                            |cmpchain:cmp_end|      ; 1 (1)       ; 0            ; 0           ; 0    ; 1 (1)        ; 0 (0)             ; 0 (0)            ; 0 (0)           ; 0 (0)      ; |LeitorRST|divisorFrequencia:inst8|lpm_counter:lpm_counter_component|alt_counter_f10ke:wysi_counter|lpm_compare:$00024|comptree:comparator|cmpchain:cmp_end|comptree:comp|comptree:sub_comptree|cmpchain:cmp_end                       ; work         ;
;                            |comptree:sub_comptree| ; 1 (0)       ; 0            ; 0           ; 0    ; 1 (0)        ; 0 (0)             ; 0 (0)            ; 0 (0)           ; 0 (0)      ; |LeitorRST|divisorFrequencia:inst8|lpm_counter:lpm_counter_component|alt_counter_f10ke:wysi_counter|lpm_compare:$00024|comptree:comparator|cmpchain:cmp_end|comptree:comp|comptree:sub_comptree|comptree:sub_comptree                  ; work         ;
;                               |cmpchain:cmp_end|   ; 1 (1)       ; 0            ; 0           ; 0    ; 1 (1)        ; 0 (0)             ; 0 (0)            ; 0 (0)           ; 0 (0)      ; |LeitorRST|divisorFrequencia:inst8|lpm_counter:lpm_counter_component|alt_counter_f10ke:wysi_counter|lpm_compare:$00024|comptree:comparator|cmpchain:cmp_end|comptree:comp|comptree:sub_comptree|comptree:sub_comptree|cmpchain:cmp_end ; work         ;
;    |ledDff:inst27|                                 ; 3 (0)       ; 3            ; 0           ; 0    ; 0 (0)        ; 3 (0)             ; 0 (0)            ; 0 (0)           ; 0 (0)      ; |LeitorRST|ledDff:inst27                                                                                                                                                                                                               ; work         ;
;       |lpm_ff:lpm_ff_component|                    ; 3 (3)       ; 3            ; 0           ; 0    ; 0 (0)        ; 3 (3)             ; 0 (0)            ; 0 (0)           ; 0 (0)      ; |LeitorRST|ledDff:inst27|lpm_ff:lpm_ff_component                                                                                                                                                                                       ; work         ;
;    |lpm_tff0:inst13|                               ; 1 (0)       ; 1            ; 0           ; 0    ; 0 (0)        ; 0 (0)             ; 1 (0)            ; 0 (0)           ; 0 (0)      ; |LeitorRST|lpm_tff0:inst13                                                                                                                                                                                                             ; work         ;
;       |lpm_ff:lpm_ff_component|                    ; 1 (1)       ; 1            ; 0           ; 0    ; 0 (0)        ; 0 (0)             ; 1 (1)            ; 0 (0)           ; 0 (0)      ; |LeitorRST|lpm_tff0:inst13|lpm_ff:lpm_ff_component                                                                                                                                                                                     ; work         ;
;    |multiplexer:inst10|                            ; 2 (0)       ; 0            ; 0           ; 0    ; 2 (0)        ; 0 (0)             ; 0 (0)            ; 0 (0)           ; 0 (0)      ; |LeitorRST|multiplexer:inst10                                                                                                                                                                                                          ; work         ;
;       |lpm_mux:lpm_mux_component|                  ; 2 (0)       ; 0            ; 0           ; 0    ; 2 (0)        ; 0 (0)             ; 0 (0)            ; 0 (0)           ; 0 (0)      ; |LeitorRST|multiplexer:inst10|lpm_mux:lpm_mux_component                                                                                                                                                                                ; work         ;
;          |muxlut:$00009|                           ; 2 (2)       ; 0            ; 0           ; 0    ; 2 (2)        ; 0 (0)             ; 0 (0)            ; 0 (0)           ; 0 (0)      ; |LeitorRST|multiplexer:inst10|lpm_mux:lpm_mux_component|muxlut:$00009                                                                                                                                                                  ; work         ;
;    |registrador:inst1|                             ; 20 (0)      ; 20           ; 0           ; 0    ; 0 (0)        ; 20 (0)            ; 0 (0)            ; 0 (0)           ; 0 (0)      ; |LeitorRST|registrador:inst1                                                                                                                                                                                                           ; work         ;
;       |lpm_ff:lpm_ff_component|                    ; 20 (20)     ; 20           ; 0           ; 0    ; 0 (0)        ; 20 (20)           ; 0 (0)            ; 0 (0)           ; 0 (0)      ; |LeitorRST|registrador:inst1|lpm_ff:lpm_ff_component                                                                                                                                                                                   ; work         ;
;    |registrador:inst20|                            ; 20 (0)      ; 20           ; 0           ; 0    ; 0 (0)        ; 20 (0)            ; 0 (0)            ; 0 (0)           ; 0 (0)      ; |LeitorRST|registrador:inst20                                                                                                                                                                                                          ; work         ;
;       |lpm_ff:lpm_ff_component|                    ; 20 (20)     ; 20           ; 0           ; 0    ; 0 (0)        ; 20 (20)           ; 0 (0)            ; 0 (0)           ; 0 (0)      ; |LeitorRST|registrador:inst20|lpm_ff:lpm_ff_component                                                                                                                                                                                  ; work         ;
;    |result:inst23|                                 ; 13 (13)     ; 0            ; 0           ; 0    ; 13 (13)      ; 0 (0)             ; 0 (0)            ; 0 (0)           ; 0 (0)      ; |LeitorRST|result:inst23                                                                                                                                                                                                               ; work         ;
;    |unidadeControle:inst4|                         ; 19 (0)      ; 4            ; 0           ; 0    ; 15 (0)       ; 0 (0)             ; 4 (0)            ; 0 (0)           ; 0 (0)      ; |LeitorRST|unidadeControle:inst4                                                                                                                                                                                                       ; work         ;
;       |segurador_estado:inst2|                     ; 4 (0)       ; 4            ; 0           ; 0    ; 0 (0)        ; 0 (0)             ; 4 (0)            ; 0 (0)           ; 0 (0)      ; |LeitorRST|unidadeControle:inst4|segurador_estado:inst2                                                                                                                                                                                ; work         ;
;          |lpm_ff:lpm_ff_component|                 ; 4 (4)       ; 4            ; 0           ; 0    ; 0 (0)        ; 0 (0)             ; 4 (4)            ; 0 (0)           ; 0 (0)      ; |LeitorRST|unidadeControle:inst4|segurador_estado:inst2|lpm_ff:lpm_ff_component                                                                                                                                                        ; work         ;
;       |uc_load_clear_output:inst9|                 ; 2 (2)       ; 0            ; 0           ; 0    ; 2 (2)        ; 0 (0)             ; 0 (0)            ; 0 (0)           ; 0 (0)      ; |LeitorRST|unidadeControle:inst4|uc_load_clear_output:inst9                                                                                                                                                                            ; work         ;
;       |uc_prox:inst|                               ; 13 (13)     ; 0            ; 0           ; 0    ; 13 (13)      ; 0 (0)             ; 0 (0)            ; 0 (0)           ; 0 (0)      ; |LeitorRST|unidadeControle:inst4|uc_prox:inst                                                                                                                                                                                          ; work         ;
+----------------------------------------------------+-------------+--------------+-------------+------+--------------+-------------------+------------------+-----------------+------------+----------------------------------------------------------------------------------------------------------------------------------------------------------------------------------------------------------------------------------------+--------------+
Note: For table entries with two numbers listed, the numbers in parentheses indicate the number of resources of the given type used by the specific entity alone. The numbers listed outside of parentheses indicate the total resources of the given type used by the specific entity and all of its sub-entities in the hierarchy.


+----------------------------------+
; Delay Chain Summary              ;
+---------+----------+-------------+
; Name    ; Pin Type ; Pad to Core ;
+---------+----------+-------------+
; CLOCK   ; Input    ; OFF         ;
; chave2  ; Input    ; OFF         ;
; chave1  ; Input    ; OFF         ;
; Rin     ; Input    ; OFF         ;
; Tin     ; Input    ; OFF         ;
; Sin     ; Input    ; OFF         ;
; pbSET   ; Input    ; OFF         ;
; pbRESET ; Input    ; OFF         ;
; PP      ; Output   ; OFF         ;
; CMP     ; Output   ; OFF         ;
; LOAD    ; Output   ; OFF         ;
; CLEAR   ; Output   ; OFF         ;
; COPIA   ; Output   ; OFF         ;
; R       ; Output   ; OFF         ;
; S       ; Output   ; OFF         ;
; T       ; Output   ; OFF         ;
; Rout    ; Output   ; OFF         ;
; Sout    ; Output   ; OFF         ;
; Tout    ; Output   ; OFF         ;
; R1      ; Output   ; OFF         ;
; R0      ; Output   ; OFF         ;
+---------+----------+-------------+


+--------------+
; Pin-Out File ;
+--------------+
The pin-out file can be found in C:/Users/TEMP.MICROPRO03.001/Desktop/MICRO1_novo/MICRO1_novo/projeto/LeitorRST.pin.


+-----------------+
; Fitter Messages ;
+-----------------+
Info: *******************************************************************
Info: Running Quartus II Fitter
    Info: Version 9.0 Build 235 06/17/2009 Service Pack 2 SJ Web Edition
    Info: Processing started: Wed Jul 29 14:27:23 2015
Info: Command: quartus_fit --read_settings_files=off --write_settings_files=off LeitorRST -c LeitorRST
Info: Selected device EPF10K20RC240-4 for design "LeitorRST"
Warning: Feature SignalProbe is not available with your current license
Info: Fitter is using the Classic Timing Analyzer
Info: Timing requirements not specified -- optimizing circuit to achieve the following default global requirements
    Info: Assuming a global fmax requirement of 1000 MHz
    Info: Not setting a global tsu requirement
    Info: Not setting a global tco requirement
    Info: Not setting a global tpd requirement
Info: Inserted 3 logic cells in first fitting attempt
Info: Started fitting attempt 1 on Wed Jul 29 2015 at 14:27:24
Info: Fitter placement preparation operations beginning
Info: Fitter placement preparation operations ending: elapsed time is 00:00:00
Info: Fitter placement operations beginning
Info: Fitter placement operations ending: elapsed time is 00:00:01
Info: Fitter routing operations beginning
Info: Fitter routing operations ending: elapsed time is 00:00:00
Info: Quartus II Fitter was successful. 0 errors, 1 warning
    Info: Peak virtual memory: 196 megabytes
    Info: Processing ended: Wed Jul 29 14:27:25 2015
    Info: Elapsed time: 00:00:02
    Info: Total CPU time (on all processors): 00:00:02


